// Jest Snapshot v1, https://goo.gl/fbAQLP

exports[`optic api list lists all files in repo 1`] = `
"[1m[90mLooking for OpenAPI specs in directory $workspace$[39m[22m
example-api-v0.json [31m (untracked)[39m
spec.yml [31m (untracked)[39m
nested/speccopy2.yml [31m (untracked)[39m

[34m[1mRun optic api add to add untracked apis[22m[39m
"
`;
